[May 1 06:04] Linux version 7.0.3-arch1-1 (linux@archlinux) (gcc (GCC) 15.2.1 20260209, GNU ld (GNU Binutils) 2.46) #1 SMP PREEMPT_DYNAMIC Thu, 30 Apr 2026 18:41:12 +0000
[  +0.000000] Command line: BOOT_IMAGE=/arch/boot/x86_64/vmlinuz-linux archisobasedir=arch archisosearchuuid=2026-05-01-06-05-08-00 rdinit=/vtoy/vtoy
[  +0.000000] BIOS-provided physical RAM map:
[  +0.000000] BIOS-e820: [mem 0x0000000000000000-0x0000000000057fff]  System RAM
[  +0.000000] BIOS-e820: [mem 0x0000000000058000-0x0000000000058fff]  device reserved
[  +0.000000] BIOS-e820: [mem 0x0000000000059000-0x000000000009dfff]  System RAM
[  +0.000000] BIOS-e820: [mem 0x000000000009e000-0x00000000000fffff]  device reserved
[  +0.000000] BIOS-e820: [mem 0x0000000000100000-0x0000000073867fff]  System RAM
[  +0.000000] BIOS-e820: [mem 0x0000000073868000-0x0000000073868fff]  ACPI NVS
[  +0.000000] BIOS-e820: [mem 0x0000000073869000-0x0000000073869fff]  device reserved
[  +0.000000] BIOS-e820: [mem 0x000000007386a000-0x0000000075288fff]  System RAM
[  +0.000000] BIOS-e820: [mem 0x0000000075289000-0x0000000075b88fff]  device reserved
[  +0.000000] BIOS-e820: [mem 0x0000000075b89000-0x000000008bd9efff]  System RAM
[  +0.000000] BIOS-e820: [mem 0x000000008bd9f000-0x000000008bf9efff]  type 20
[  +0.000000] BIOS-e820: [mem 0x000000008bf9f000-0x000000008c78efff]  device reserved
[  +0.000000] BIOS-e820: [mem 0x000000008c78f000-0x000000008ce7efff]  ACPI NVS
[  +0.000000] BIOS-e820: [mem 0x000000008ce7f000-0x000000008cefefff]  ACPI data
[  +0.000000] BIOS-e820: [mem 0x000000008ceff000-0x000000008cefffff]  System RAM
[  +0.000000] BIOS-e820: [mem 0x000000008cf00000-0x000000008fffffff]  device reserved
[  +0.000000] BIOS-e820: [gap 0x0000000090000000-0x00000000dfffffff]
[  +0.000000] BIOS-e820: [mem 0x00000000e0000000-0x00000000efffffff]  device reserved
[  +0.000000] BIOS-e820: [gap 0x00000000f0000000-0x00000000fcffffff]
[  +0.000000] BIOS-e820: [mem 0x00000000fd000000-0x00000000fe7fffff]  device reserved
[  +0.000000] BIOS-e820: [gap 0x00000000fe800000-0x00000000febfffff]
[  +0.000000] BIOS-e820: [mem 0x00000000fec00000-0x00000000fec00fff]  device reserved
[  +0.000000] BIOS-e820: [gap 0x00000000fec01000-0x00000000fecfffff]
[  +0.000000] BIOS-e820: [mem 0x00000000fed00000-0x00000000fed00fff]  device reserved
[  +0.000000] BIOS-e820: [gap 0x00000000fed01000-0x00000000fed0ffff]
[  +0.000000] BIOS-e820: [mem 0x00000000fed10000-0x00000000fed19fff]  device reserved
[  +0.000000] BIOS-e820: [gap 0x00000000fed1a000-0x00000000fed83fff]
[  +0.000000] BIOS-e820: [mem 0x00000000fed84000-0x00000000fed84fff]  device reserved
[  +0.000000] BIOS-e820: [gap 0x00000000fed85000-0x00000000fedfffff]
[  +0.000000] BIOS-e820: [mem 0x00000000fee00000-0x00000000fee00fff]  device reserved
[  +0.000000] BIOS-e820: [gap 0x00000000fee01000-0x00000000ffa0ffff]
[  +0.000000] BIOS-e820: [mem 0x00000000ffa10000-0x00000000ffffffff]  device reserved
[  +0.000000] BIOS-e820: [mem 0x0000000100000000-0x000000026effffff]  System RAM
[  +0.000000] NX (Execute Disable) protection: active
[  +0.000000] APIC: Static calls initialized
[  +0.000000] efi: EFI v2.5 by INSYDE Corp.
[  +0.000000] efi: ACPI 2.0=0x8cefe014 SMBIOS=0x8c003000 SMBIOS 3.0=0x8c001000 ESRT=0x8c0047d8 MOKvar=0x8bff8000 
[  +0.000000] efi: Remove mem46: MMIO range=[0xe0000000-0xefffffff] (256MB) from e820 map
[  +0.000000] e820: remove [mem 0xe0000000-0xefffffff] device reserved
[  +0.000000] efi: Remove mem47: MMIO range=[0xfd000000-0xfe7fffff] (24MB) from e820 map
[  +0.000000] e820: remove [mem 0xfd000000-0xfe7fffff] device reserved
[  +0.000000] efi: Not removing mem48: MMIO range=[0xfec00000-0xfec00fff] (4KB) from e820 map
[  +0.000000] efi: Not removing mem49: MMIO range=[0xfed00000-0xfed00fff] (4KB) from e820 map
[  +0.000000] efi: Not removing mem50: MMIO range=[0xfed10000-0xfed19fff] (40KB) from e820 map
[  +0.000000] efi: Not removing mem51: MMIO range=[0xfed84000-0xfed84fff] (4KB) from e820 map
[  +0.000000] efi: Not removing mem52: MMIO range=[0xfee00000-0xfee00fff] (4KB) from e820 map
[  +0.000000] efi: Remove mem53: MMIO range=[0xffa10000-0xffffffff] (5MB) from e820 map
[  +0.000000] e820: remove [mem 0xffa10000-0xffffffff] device reserved
[  +0.000000] SMBIOS 3.0.0 present.
[  +0.000000] DMI: LENOVO 80XG/LNVNB161216, BIOS 4WCN41WW 07/23/2018
[  +0.000000] DMI: Memory slots populated: 2/2
[  +0.000000] tsc: Detected 2400.000 MHz processor
[  +0.000000] e820: update [mem 0x00000000-0x00000fff] System RAM ==> device reserved
[  +0.000003] e820: remove [mem 0x000a0000-0x000fffff] System RAM
[  +0.000013] last_pfn = 0x26f000 max_arch_pfn = 0x400000000
[  +0.000005] MTRR map: 4 entries (3 fixed + 1 variable; max 23), built from 10 variable MTRRs
[  +0.000003] x86/PAT: Configuration [0-7]: WB  WC  UC- UC  WB  WP  UC- WT  
[  +0.000482] last_pfn = 0x8cf00 max_arch_pfn = 0x400000000
[  +0.010156] esrt: Reserving ESRT space from 0x000000008c0047d8 to 0x000000008c004888.
[  +0.000009] Using GB pages for direct mapping
[  +0.000494] Secure boot could not be determined
[  +0.000001] RAMDISK: [mem 0x1b32d000-0x2998dfff]
[  +0.000946] ACPI: Early table checksum verification disabled
[  +0.000004] ACPI: RSDP 0x000000008CEFE014 000024 (v02 LENOVO)
[  +0.000006] ACPI: XSDT 0x000000008CEC9188 0000EC (v01 LENOVO CB-01    00000001      01000013)
[  +0.000007] ACPI: FACP 0x000000008CEF2000 00010C (v05 LENOVO CB-01    00000001 ACPI 00040000)
[  +0.000007] ACPI: DSDT 0x000000008CED2000 01CD27 (v02 LENOVO CB-01    00000001 ACPI 00040000)
[  +0.000004] ACPI: FACS 0x000000008CE5D000 000040
[  +0.000004] ACPI: UEFI 0x000000008CEFD000 000236 (v01 LENOVO CB-01    00000001 ACPI 00040000)
[  +0.000004] ACPI: UEFI 0x000000008CEFC000 000042 (v01 LENOVO CB-01    00000001 ACPI 00040000)
[  +0.000004] ACPI: MSDM 0x000000008CEFB000 000055 (v03 LENOVO CB-01    00000001 ACPI 00040000)
[  +0.000003] ACPI: SSDT 0x000000008CEF7000 0030F8 (v02 LENOVO CB-01    00000001 ACPI 00040000)
[  +0.000004] ACPI: ASF! 0x000000008CEF6000 0000A5 (v32 LENOVO CB-01    00000001 ACPI 00040000)
[  +0.000004] ACPI: ASPT 0x000000008CEF5000 000034 (v07 LENOVO CB-01    00000001 ACPI 00040000)
[  +0.000004] ACPI: BOOT 0x000000008CEF4000 000028 (v01 LENOVO CB-01    00000001 ACPI 00040000)
[  +0.000004] ACPI: DBGP 0x000000008CEF3000 000034 (v01 LENOVO CB-01    00000001 ACPI 00040000)
[  +0.000004] ACPI: HPET 0x000000008CEF1000 000038 (v01 LENOVO CB-01    00000001 ACPI 00040000)
[  +0.000004] ACPI: APIC 0x000000008CEF0000 0000BC (v03 LENOVO CB-01    00000001 ACPI 00040000)
[  +0.000003] ACPI: MCFG 0x000000008CEEF000 00003C (v01 LENOVO CB-01    00000001 ACPI 00040000)
[  +0.000004] ACPI: LPIT 0x000000008CED1000 000094 (v01 LENOVO CB-01    00000001 ACPI 00040000)
[  +0.000004] ACPI: WSMT 0x000000008CED0000 000028 (v01 LENOVO CB-01    00000001 ACPI 00040000)
[  +0.000004] ACPI: SSDT 0x000000008CECF000 00029F (v02 LENOVO CB-01    00000001 ACPI 00040000)
[  +0.000004] ACPI: SSDT 0x000000008CECE000 000346 (v01 LENOVO CB-01    00000001 ACPI 00040000)
[  +0.000004] ACPI: SSDT 0x000000008CECD000 000E41 (v02 LENOVO CB-01    00000001 ACPI 00040000)
[  +0.000003] ACPI: SSDT 0x000000008CECC000 00051E (v02 LENOVO CB-01    00000001 ACPI 00040000)
[  +0.000004] ACPI: DBGP 0x000000008CECB000 000034 (v01 LENOVO CB-01    00000001 ACPI 00040000)
[  +0.000004] ACPI: DBG2 0x000000008CECA000 000054 (v00 LENOVO CB-01    00000001 ACPI 00040000)
[  +0.000004] ACPI: SSDT 0x000000008CEC7000 00106A (v02 LENOVO CB-01    00000001 ACPI 00040000)
[  +0.000004] ACPI: SSDT 0x000000008CEC6000 000EDE (v02 LENOVO CB-01    00000001 ACPI 00040000)
[  +0.000003] ACPI: DMAR 0x000000008CEC5000 0000CC (v01 LENOVO CB-01    00000001 ACPI 00040000)
[  +0.000004] ACPI: FPDT 0x000000008CEC4000 000044 (v01 LENOVO CB-01    00000001 ACPI 00040000)
[  +0.000004] ACPI: BGRT 0x000000008CEC3000 000038 (v01 LENOVO CB-01    00000001 ACPI 00040000)
[  +0.000003] ACPI: Reserving FACP table memory at [mem 0x8cef2000-0x8cef210b]
[  +0.000002] ACPI: Reserving DSDT table memory at [mem 0x8ced2000-0x8ceeed26]
[  +0.000001] ACPI: Reserving FACS table memory at [mem 0x8ce5d000-0x8ce5d03f]
[  +0.000001] ACPI: Reserving UEFI table memory at [mem 0x8cefd000-0x8cefd235]
[  +0.000001] ACPI: Reserving UEFI table memory at [mem 0x8cefc000-0x8cefc041]
[  +0.000001] ACPI: Reserving MSDM table memory at [mem 0x8cefb000-0x8cefb054]
[  +0.000001] ACPI: Reserving SSDT table memory at [mem 0x8cef7000-0x8cefa0f7]
[  +0.000001] ACPI: Reserving ASF! table memory at [mem 0x8cef6000-0x8cef60a4]
[  +0.000001] ACPI: Reserving ASPT table memory at [mem 0x8cef5000-0x8cef5033]
[  +0.000001] ACPI: Reserving BOOT table memory at [mem 0x8cef4000-0x8cef4027]
[  +0.000001] ACPI: Reserving DBGP table memory at [mem 0x8cef3000-0x8cef3033]
[  +0.000001] ACPI: Reserving HPET table memory at [mem 0x8cef1000-0x8cef1037]
[  +0.000000] ACPI: Reserving APIC table memory at [mem 0x8cef0000-0x8cef00bb]
[  +0.000001] ACPI: Reserving MCFG table memory at [mem 0x8ceef000-0x8ceef03b]
[  +0.000001] ACPI: Reserving LPIT table memory at [mem 0x8ced1000-0x8ced1093]
[  +0.000001] ACPI: Reserving WSMT table memory at [mem 0x8ced0000-0x8ced0027]
[  +0.000001] ACPI: Reserving SSDT table memory at [mem 0x8cecf000-0x8cecf29e]
[  +0.000001] ACPI: Reserving SSDT table memory at [mem 0x8cece000-0x8cece345]
[  +0.000001] ACPI: Reserving SSDT table memory at [mem 0x8cecd000-0x8cecde40]
[  +0.000001] ACPI: Reserving SSDT table memory at [mem 0x8cecc000-0x8cecc51d]
[  +0.000001] ACPI: Reserving DBGP table memory at [mem 0x8cecb000-0x8cecb033]
[  +0.000001] ACPI: Reserving DBG2 table memory at [mem 0x8ceca000-0x8ceca053]
[  +0.000001] ACPI: Reserving SSDT table memory at [mem 0x8cec7000-0x8cec8069]
[  +0.000001] ACPI: Reserving SSDT table memory at [mem 0x8cec6000-0x8cec6edd]
[  +0.000001] ACPI: Reserving DMAR table memory at [mem 0x8cec5000-0x8cec50cb]
[  +0.000001] ACPI: Reserving FPDT table memory at [mem 0x8cec4000-0x8cec4043]
[  +0.000001] ACPI: Reserving BGRT table memory at [mem 0x8cec3000-0x8cec3037]
[  +0.000121] No NUMA configuration found
[  +0.000001] Faking a node at [mem 0x0000000000000000-0x000000026effffff]
[  +0.000012] NODE_DATA(0) allocated [mem 0x26efd5280-0x26effffff]
[  +0.000261] Reserving Intel graphics memory at [mem 0x8e000000-0x8fffffff]
[  +0.000161] ACPI: PM-Timer IO Port: 0x1808
[  +0.000010] ACPI: LAPIC_NMI (acpi_id[0x01] high edge lint[0x1])
[  +0.000001] ACPI: LAPIC_NMI (acpi_id[0x02] high edge lint[0x1])
[  +0.000001] ACPI: LAPIC_NMI (acpi_id[0x03] high edge lint[0x1])
[  +0.000001] ACPI: LAPIC_NMI (acpi_id[0x04] high edge lint[0x1])
[  +0.000001] ACPI: LAPIC_NMI (acpi_id[0x05] high edge lint[0x1])
[  +0.000001] ACPI: LAPIC_NMI (acpi_id[0x06] high edge lint[0x1])
[  +0.000001] ACPI: LAPIC_NMI (acpi_id[0x07] high edge lint[0x1])
[  +0.000001] ACPI: LAPIC_NMI (acpi_id[0x08] high edge lint[0x1])
[  +0.000027] IOAPIC[0]: apic_id 2, version 32, address 0xfec00000, GSI 0-119
[  +0.000003] ACPI: INT_SRC_OVR (bus 0 bus_irq 0 global_irq 2 dfl dfl)
[  +0.000003] ACPI: INT_SRC_OVR (bus 0 bus_irq 9 global_irq 9 high level)
[  +0.000005] ACPI: Using ACPI (MADT) for SMP configuration information
[  +0.000002] ACPI: HPET id: 0x8086a201 base: 0xfed00000
[  +0.000009] e820: update [mem 0x7c756000-0x7c7d1fff] System RAM ==> device reserved
[  +0.000015] TSC deadline timer available
[  +0.000004] CPU topo: Max. logical packages:   1
[  +0.000001] CPU topo: Max. logical nodes:      1
[  +0.000001] CPU topo: Num. nodes per package:  1
[  +0.000003] CPU topo: Max. logical dies:       1
[  +0.000001] CPU topo: Max. dies per package:   1
[  +0.000006] CPU topo: Max. threads per core:   2
[  +0.000000] CPU topo: Num. cores per package:     2
[  +0.000001] CPU topo: Num. threads per package:   4
[  +0.000001] CPU topo: Allowing 4 present CPUs plus 0 hotplug CPUs
[  +0.000026] PM: hibernation: Registered nosave memory: [mem 0x00000000-0x00000fff]
[  +0.000003] PM: hibernation: Registered nosave memory: [mem 0x00058000-0x00058fff]
[  +0.000002] PM: hibernation: Registered nosave memory: [mem 0x0009e000-0x000fffff]
[  +0.000002] PM: hibernation: Registered nosave memory: [mem 0x73868000-0x73869fff]
[  +0.000003] PM: hibernation: Registered nosave memory: [mem 0x75289000-0x75b88fff]
[  +0.000002] PM: hibernation: Registered nosave memory: [mem 0x7c756000-0x7c7d1fff]
[  +0.000002] PM: hibernation: Registered nosave memory: [mem 0x8bd9f000-0x8cefefff]
[  +0.000002] PM: hibernation: Registered nosave memory: [mem 0x8cf00000-0xffffffff]
[  +0.000002] [gap 0x90000000-0xfebfffff] available for PCI devices
[  +0.000002] Booting paravirtualized kernel on bare hardware
[  +0.000002] clocksource: refined-jiffies: mask: 0xffffffff max_cycles: 0xffffffff, max_idle_ns: 1910969940391419 ns
[  +0.009734] Zone ranges:
[  +0.000001]   DMA      [mem 0x0000000000001000-0x0000000000ffffff]
[  +0.000003]   DMA32    [mem 0x0000000001000000-0x00000000ffffffff]
[  +0.000002]   Normal   [mem 0x0000000100000000-0x000000026effffff]
[  +0.000002]   Device   empty
[  +0.000001] Movable zone start for each node
[  +0.000004] Early memory node ranges
[  +0.000000]   node   0: [mem 0x0000000000001000-0x0000000000057fff]
[  +0.000002]   node   0: [mem 0x0000000000059000-0x000000000009dfff]
[  +0.000001]   node   0: [mem 0x0000000000100000-0x0000000073867fff]
[  +0.000002]   node   0: [mem 0x000000007386a000-0x0000000075288fff]
[  +0.000001]   node   0: [mem 0x0000000075b89000-0x000000008bd9efff]
[  +0.000001]   node   0: [mem 0x000000008ceff000-0x000000008cefffff]
[  +0.000001]   node   0: [mem 0x0000000100000000-0x000000026effffff]
[  +0.000002] Initmem setup node 0 [mem 0x0000000000001000-0x000000026effffff]
[  +0.000006] On node 0, zone DMA: 1 pages in unavailable ranges
[  +0.000002] On node 0, zone DMA: 1 pages in unavailable ranges
[  +0.000025] On node 0, zone DMA: 98 pages in unavailable ranges
[  +0.003583] On node 0, zone DMA32: 2 pages in unavailable ranges
[  +0.000708] On node 0, zone DMA32: 2304 pages in unavailable ranges
[  +0.000037] On node 0, zone DMA32: 4448 pages in unavailable ranges
[  +0.011511] On node 0, zone Normal: 12544 pages in unavailable ranges
[  +0.000039] On node 0, zone Normal: 4096 pages in unavailable ranges
[  +0.000008] setup_percpu: NR_CPUS:8192 nr_cpumask_bits:4 nr_cpu_ids:4 nr_node_ids:1
[  +0.000361] percpu: Embedded 63 pages/cpu s221184 r8192 d28672 u524288
[  +0.000009] pcpu-alloc: s221184 r8192 d28672 u524288 alloc=1*2097152
[  +0.000003] pcpu-alloc: [0] 0 1 2 3 
[  +0.000026] Kernel command line: BOOT_IMAGE=/arch/boot/x86_64/vmlinuz-linux archisobasedir=arch archisosearchuuid=2026-05-01-06-05-08-00 rdinit=/vtoy/vtoy
[  +0.000074] Unknown kernel command line parameters "archisobasedir=arch archisosearchuuid=2026-05-01-06-05-08-00", will be passed to user space.
[  +0.000033] random: crng init done
[  +0.000001] printk: log buffer data + meta data: 131072 + 557056 = 688128 bytes
[  +0.000965] Dentry cache hash table entries: 1048576 (order: 11, 8388608 bytes, linear)
[  +0.000499] Inode-cache hash table entries: 524288 (order: 10, 4194304 bytes, linear)
[  +0.000102] software IO TLB: area num 4.
[  +0.016077] Fallback order for Node 0: 0 
[  +0.000004] Built 1 zonelists, mobility grouping on.  Total pages: 2073658
[  +0.000002] Policy zone: Normal
[  +0.000308] mem auto-init: stack:all(zero), heap alloc:on, heap free:off
[  +0.022880] SLUB: HWalign=64, Order=0-3, MinObjects=0, CPUs=4, Nodes=1
[  +0.000029] Kernel/User page tables isolation: enabled
[  +0.012815] ftrace: allocating 58018 entries in 228 pages
[  +0.000002] ftrace: allocated 228 pages with 4 groups
[  +0.000096] Dynamic Preempt: full
[  +0.000046] rcu: Preemptible hierarchical RCU implementation.
[  +0.000001] rcu: 	RCU restricting CPUs from NR_CPUS=8192 to nr_cpu_ids=4.
[  +0.000001] rcu: 	RCU priority boosting: priority 1 delay 500 ms.
[  +0.000001] 	Trampoline variant of Tasks RCU enabled.
[  +0.000001] 	Rude variant of Tasks RCU enabled.
[  +0.000000] 	Tracing variant of Tasks RCU enabled.
[  +0.000001] rcu: RCU calculated value of scheduler-enlistment delay is 100 jiffies.
[  +0.000001] rcu: Adjusting geometry for rcu_fanout_leaf=16, nr_cpu_ids=4
[  +0.000012] RCU Tasks: Setting shift to 2 and lim to 1 rcu_task_cb_adjust=1 rcu_task_cpu_ids=4.
[  +0.000003] RCU Tasks Rude: Setting shift to 2 and lim to 1 rcu_task_cb_adjust=1 rcu_task_cpu_ids=4.
[  +0.008042] NR_IRQS: 524544, nr_irqs: 1024, preallocated irqs: 16
[  +0.000234] rcu: srcu_init: Setting srcu_struct sizes based on contention.
[  +0.000290] kfence: initialized - using 2097152 bytes for 255 objects at 0x(____ptrval____)-0x(____ptrval____)
[  +0.000058] Console: colour dummy device 80x25
[  +0.000004] printk: legacy console [tty0] enabled
[  +0.000070] ACPI: Core revision 20251212
[  +0.000276] clocksource: hpet: mask: 0xffffffff max_cycles: 0xffffffff, max_idle_ns: 79635855245 ns
[  +0.000072] APIC: Switch to symmetric I/O mode setup
[  +0.000003] DMAR: Host address width 39
[  +0.000002] DMAR: DRHD base: 0x000000fed90000 flags: 0x0
[  +0.000007] DMAR: dmar0: reg_base_addr fed90000 ver 1:0 cap 1c0000c40660462 ecap 7e3ff0505e
[  +0.000003] DMAR: DRHD base: 0x000000fed91000 flags: 0x1
[  +0.000005] DMAR: dmar1: reg_base_addr fed91000 ver 1:0 cap d2008c40660462 ecap f050da
[  +0.000002] DMAR: RMRR base: 0x0000008c683000 end: 0x0000008c6a2fff
[  +0.000003] DMAR: RMRR base: 0x0000008d800000 end: 0x0000008fffffff
[  +0.000001] DMAR: ANDD device: 1 name: \_SB.PCI0.I2C0
[  +0.000003] DMAR-IR: IOAPIC id 2 under DRHD base  0xfed91000 IOMMU 1
[  +0.000002] DMAR-IR: HPET id 0 under DRHD base 0xfed91000
[  +0.000001] DMAR-IR: Queued invalidation will be enabled to support x2apic and Intr-remapping.
[  +0.001739] DMAR-IR: Enabled IRQ remapping in x2apic mode
[  +0.000002] x2apic enabled
[  +0.000081] APIC: Switched APIC routing to: cluster x2apic
[  +0.004032] ..TIMER: vector=0x30 apic1=0 pin1=2 apic2=-1 pin2=-1
[  +0.004089] clocksource: tsc-early: mask: 0xffffffffffffffff max_cycles: 0x22983777dd9, max_idle_ns: 440795300422 ns
[  +0.000006] Calibrating delay loop (skipped), value calculated using timer frequency.. 4800.00 BogoMIPS (lpj=2400000)
[  +0.000030] x86/cpu: VMX (outside TXT) disabled by BIOS
[  +0.000005] x86/cpu: SGX disabled or unsupported by BIOS.
[  +0.000008] CPU0: Thermal monitoring enabled (TM1)
[  +0.000052] Last level iTLB entries: 4KB 64, 2MB 8, 4MB 8
[  +0.000002] Last level dTLB entries: 4KB 64, 2MB 32, 4MB 32, 1GB 4
[  +0.000010] process: using mwait in idle threads
[  +0.000003] mitigations: Enabled attack vectors: user_kernel, user_user, guest_host, guest_guest, SMT mitigations: auto
[  +0.000006] Speculative Store Bypass: Mitigation: Speculative Store Bypass disabled via prctl
[  +0.000002] SRBDS: Mitigation: Microcode
[  +0.000002] Spectre V2 : Mitigation: IBRS
[  +0.000001] RETBleed: Mitigation: IBRS
[  +0.000001] Spectre V2 : User space: Mitigation: STIBP via prctl
[  +0.000001] MDS: Mitigation: Clear CPU buffers
[  +0.000002] MMIO Stale Data: Mitigation: Clear CPU buffers
[  +0.000001] VMSCAPE: Mitigation: IBPB before exit to userspace
[  +0.000001] Spectre V1 : Mitigation: usercopy/swapgs barriers and __user pointer sanitization
[  +0.000002] Spectre V2 : Spectre v2 / SpectreRSB: Filling RSB on context switch and VMEXIT
[  +0.000002] Spectre V2 : mitigation: Enabling conditional Indirect Branch Prediction Barrier
[  +0.000009] GDS: Vulnerable: No microcode
[  +0.000008] x86/fpu: Supporting XSAVE feature 0x001: 'x87 floating point registers'
[  +0.000003] x86/fpu: Supporting XSAVE feature 0x002: 'SSE registers'
[  +0.000002] x86/fpu: Supporting XSAVE feature 0x004: 'AVX registers'
[  +0.000002] x86/fpu: Supporting XSAVE feature 0x008: 'MPX bounds registers'
[  +0.000002] x86/fpu: Supporting XSAVE feature 0x010: 'MPX CSR'
[  +0.000002] x86/fpu: xstate_offset[2]:  576, xstate_sizes[2]:  256
[  +0.000003] x86/fpu: xstate_offset[3]:  832, xstate_sizes[3]:   64
[  +0.000002] x86/fpu: xstate_offset[4]:  896, xstate_sizes[4]:   64
[  +0.000002] x86/fpu: Enabled xstate features 0x1f, context size is 960 bytes, using 'compacted' format.
[  +0.052048] Freeing SMP alternatives memory: 56K
[  +0.000007] pid_max: default: 32768 minimum: 301
[  +0.000160] landlock: Up and running.
[  +0.000004] Yama: becoming mindful.
[  +0.000269] LSM support for eBPF active
[  +0.000044] Mount-cache hash table entries: 16384 (order: 5, 131072 bytes, linear)
[  +0.000012] Mountpoint-cache hash table entries: 16384 (order: 5, 131072 bytes, linear)
[  +0.000108] VFS: Finished mounting rootfs on nullfs
[  +0.001267] smpboot: CPU0: Intel(R) Core(TM) i5-6200U CPU @ 2.30GHz (family: 0x6, model: 0x4e, stepping: 0x3)
[  +0.000263] Performance Events: PEBS fmt3+, Skylake events, 32-deep LBR, full-width counters, Intel PMU driver.
[  +0.000034] ... version:                   4
[  +0.000002] ... bit width:                 48
[  +0.000001] ... generic counters:          4
[  +0.000002] ... generic bitmap:            000000000000000f
[  +0.000002] ... fixed-purpose counters:    3
[  +0.000001] ... fixed-purpose bitmap:      0000000000000007
[  +0.000002] ... value mask:                0000ffffffffffff
[  +0.000001] ... max period:                00007fffffffffff
[  +0.000002] ... global_ctrl mask:          000000070000000f
[  +0.000217] signal: max sigframe size: 2032
[  +0.000027] Estimated ratio of average max frequency by base frequency (times 1024): 1152
[  +0.002958] rcu: Hierarchical SRCU implementation.
[  +0.000002] rcu: 	Max phase no-delay instances is 400.
[  +0.000084] Timer migration: 1 hierarchy levels; 8 children per group; 1 crossnode level
[  +0.000678] NMI watchdog: Enabled. Permanently consumes one hw-PMU counter.
[  +0.000068] smp: Bringing up secondary CPUs ...
[  +0.000133] smpboot: x86: Booting SMP configuration:
[  +0.000002] .... node  #0, CPUs:      #1 #2 #3
[  +0.003626] MDS CPU bug present and SMT on, data leak possible. See https://www.kernel.org/doc/html/latest/admin-guide/hw-vuln/mds.html for more details.
[  +0.000000] MMIO Stale Data CPU bug present and SMT on, data leak possible. See https://www.kernel.org/doc/html/latest/admin-guide/hw-vuln/processor_mmio_stale_data.html for more details.
[  +0.000000] VMSCAPE: SMT on, STIBP is required for full protection. See https://www.kernel.org/doc/html/latest/admin-guide/hw-vuln/vmscape.html for more details.
[  +0.000000] smp: Brought up 1 node, 4 CPUs
[  +0.000000] smpboot: Total of 4 processors activated (19200.00 BogoMIPS)
[  +0.000922] Memory: 7712996K/8294632K available (20782K kernel code, 3060K rwdata, 16844K rodata, 4804K init, 4400K bss, 567296K reserved, 0K cma-reserved)
[  +0.000252] devtmpfs: initialized
[  +0.000000] x86/mm: Memory block size: 128MB
[  +0.001430] ACPI: PM: Registering ACPI NVS region [mem 0x73868000-0x73868fff] (4096 bytes)
[  +0.000000] ACPI: PM: Registering ACPI NVS region [mem 0x8c78f000-0x8ce7efff] (7274496 bytes)
[  +0.000255] clocksource: jiffies: mask: 0xffffffff max_cycles: 0xffffffff, max_idle_ns: 1911260446275000 ns
[  +0.000000] posixtimers hash table entries: 2048 (order: 3, 32768 bytes, linear)
[  +0.000000] futex hash table entries: 1024 (65536 bytes on 1 NUMA nodes, total 64 KiB, linear).
[  +0.000294] PM: RTC time: 03:12:57, date: 2016-01-02
[  +0.000702] NET: Registered PF_NETLINK/PF_ROUTE protocol family
[  +0.000305] DMA: preallocated 1024 KiB GFP_KERNEL pool for atomic allocations
[  +0.000079] DMA: preallocated 1024 KiB GFP_KERNEL|GFP_DMA pool for atomic allocations
[  +0.000078] DMA: preallocated 1024 KiB GFP_KERNEL|GFP_DMA32 pool for atomic allocations
[  +0.000013] audit: initializing netlink subsys (disabled)
[  +0.000020] audit: type=2000 audit(1451704377.073:1): state=initialized audit_enabled=0 res=1
[  +0.000000] thermal_sys: Registered thermal governor 'fair_share'
[  +0.000000] thermal_sys: Registered thermal governor 'bang_bang'
[  +0.000000] thermal_sys: Registered thermal governor 'step_wise'
[  +0.000000] thermal_sys: Registered thermal governor 'user_space'
[  +0.000000] thermal_sys: Registered thermal governor 'power_allocator'
[  +0.000000] cpuidle: using governor ladder
[  +0.000000] cpuidle: using governor menu
[  +0.000000] Simple Boot Flag at 0x44 set to 0x80
[  +0.005146] efi: Freeing EFI boot services memory: 57596K
[  +0.000004] ACPI FADT declares the system doesn't support PCIe ASPM, so disable it
[  +0.000002] acpiphp: ACPI Hot Plug PCI Controller Driver version: 0.5
[  +0.000131] PCI: ECAM [mem 0xe0000000-0xefffffff] (base 0xe0000000) for domain 0000 [bus 00-ff]
[  +0.000021] PCI: Using configuration type 1 for base access
[  +0.000199] kprobes: kprobe jump-optimization is enabled. All kprobes are optimized if possible.
[  +0.000116] HugeTLB: registered 1.00 GiB page size, pre-allocated 0 pages
[  +0.000000] HugeTLB: 16380 KiB vmemmap can be freed for a 1.00 GiB page
[  +0.000000] HugeTLB: registered 2.00 MiB page size, pre-allocated 0 pages
[  +0.000000] HugeTLB: 28 KiB vmemmap can be freed for a 2.00 MiB page
[  +0.001219] raid6: skipped pq benchmark and selected avx2x4
[  +0.000000] raid6: using avx2x2 recovery algorithm
[  +0.000000] fbcon: Taking over console
[  +0.000000] ACPI: Added _OSI(Module Device)
[  +0.000000] ACPI: Added _OSI(Processor Device)
[  +0.000000] ACPI: Added _OSI(Processor Aggregator Device)
[  +0.049449] ACPI: 8 ACPI AML tables successfully acquired and loaded
[  +0.003411] ACPI: [Firmware Bug]: BIOS _OSI(Linux) query ignored
[  +0.004788] ACPI: \_SB_: platform _OSC: OS support mask [006e7eff]
[  +0.000194] ACPI: \_SB_: platform _OSC: OS control mask [0000003b]
[  +0.000401] ACPI: Dynamic OEM Table Load:
[  +0.000012] ACPI: SSDT 0xFFFF8AD281128800 0003FF (v02 PmRef  Cpu0Cst  00003001 INTL 20160527)
[  +0.001829] ACPI: Dynamic OEM Table Load:
[  +0.000010] ACPI: SSDT 0xFFFF8AD280DBD000 000651 (v02 PmRef  Cpu0Ist  00003000 INTL 20160527)
[  +0.002665] ACPI: Dynamic OEM Table Load:
[  +0.000010] ACPI: SSDT 0xFFFF8AD280DB9800 00065C (v02 PmRef  ApIst    00003000 INTL 20160527)
[  +0.002198] ACPI: Dynamic OEM Table Load:
[  +0.000009] ACPI: SSDT 0xFFFF8AD281014600 000197 (v02 PmRef  ApHwp    00003000 INTL 20160527)
[  +0.001692] ACPI: Dynamic OEM Table Load:
[  +0.000024] ACPI: SSDT 0xFFFF8AD281015600 00018A (v02 PmRef  ApCst    00003000 INTL 20160527)
[  +0.003793] ACPI: EC: EC started
[  +0.000003] ACPI: EC: interrupt blocked
[  +0.001320] ACPI: EC: EC_CMD/EC_SC=0x66, EC_DATA=0x62
[  +0.000005] ACPI: \_SB_.PCI0.LPCB.EC0_: Boot DSDT EC used to handle transactions
[  +0.000003] ACPI: Interpreter enabled
[  +0.000056] ACPI: PM: (supports S0 S3 S4 S5)
[  +0.000002] ACPI: Using IOAPIC for interrupt routing
[  +0.002088] PCI: Using host bridge windows from ACPI; if necessary, use "pci=nocrs" and report a bug
[  +0.000003] PCI: Using E820 reservations for host bridge windows
[  +0.000801] ACPI: Enabled 6 GPEs in block 00 to 7F
[  +0.009060] ACPI: \_SB_.PCI0.RP01.PXSX.WRST: New power resource
[  +0.000533] ACPI: \_SB_.PCI0.RP02.PXSX.WRST: New power resource
[  +0.000514] ACPI: \_SB_.PCI0.RP03.PXSX.WRST: New power resource
[  +0.000512] ACPI: \_SB_.PCI0.RP04.PXSX.WRST: New power resource
[  +0.000515] ACPI: \_SB_.PCI0.RP05.PXSX.WRST: New power resource
[  +0.000514] ACPI: \_SB_.PCI0.RP06.PXSX.WRST: New power resource
[  +0.000542] ACPI: \_SB_.PCI0.RP07.PXSX.WRST: New power resource
[  +0.000512] ACPI: \_SB_.PCI0.RP08.PXSX.WRST: New power resource
[  +0.000515] ACPI: \_SB_.PCI0.RP09.PXSX.WRST: New power resource
[  +0.000519] ACPI: \_SB_.PCI0.RP10.PXSX.WRST: New power resource
[  +0.000517] ACPI: \_SB_.PCI0.RP11.PXSX.WRST: New power resource
[  +0.000516] ACPI: \_SB_.PCI0.RP12.PXSX.WRST: New power resource
[  +0.000500] ACPI: \_SB_.PCI0.RP13.PXSX.WRST: New power resource
[  +0.000495] ACPI: \_SB_.PCI0.RP14.PXSX.WRST: New power resource
[  +0.000497] ACPI: \_SB_.PCI0.RP15.PXSX.WRST: New power resource
[  +0.000495] ACPI: \_SB_.PCI0.RP16.PXSX.WRST: New power resource
[  +0.000499] ACPI: \_SB_.PCI0.RP17.PXSX.WRST: New power resource
[  +0.000496] ACPI: \_SB_.PCI0.RP18.PXSX.WRST: New power resource
[  +0.000502] ACPI: \_SB_.PCI0.RP19.PXSX.WRST: New power resource
[  +0.000496] ACPI: \_SB_.PCI0.RP20.PXSX.WRST: New power resource
[  +0.018043] ACPI: PCI Root Bridge [PCI0] (domain 0000 [bus 00-fe])
[  +0.000010] acpi PNP0A08:00: _OSC: OS supports [ExtendedConfig ASPM ClockPM Segments MSI EDR HPX-Type3]
[  +0.003632] acpi PNP0A08:00: _OSC: OS now controls [PCIeHotplug SHPCHotplug PME AER PCIeCapability LTR DPC]
[  +0.000003] acpi PNP0A08:00: FADT indicates ASPM is unsupported, using BIOS configuration
[  +0.003087] PCI host bridge to bus 0000:00
[  +0.000007] pci_bus 0000:00: root bus resource [io  0x0000-0x0cf7 window]
[  +0.000003] pci_bus 0000:00: root bus resource [io  0x0d00-0xffff window]
[  +0.000003] pci_bus 0000:00: root bus resource [mem 0x000a0000-0x000dffff window]
[  +0.000003] pci_bus 0000:00: root bus resource [mem 0x90000000-0xdfffffff window]
[  +0.000002] pci_bus 0000:00: root bus resource [mem 0xfd000000-0xfe7fffff window]
[  +0.000003] pci_bus 0000:00: root bus resource [bus 00-fe]
[  +0.000022] pci 0000:00:00.0: [8086:1904] type 00 class 0x060000 conventional PCI endpoint
[  +0.000110] pci 0000:00:02.0: [8086:1916] type 00 class 0x030000 PCIe Root Complex Integrated Endpoint
[  +0.000024] pci 0000:00:02.0: BAR 0 [mem 0xb0000000-0xb0ffffff 64bit]
[  +0.000004] pci 0000:00:02.0: BAR 2 [mem 0xa0000000-0xafffffff 64bit pref]
[  +0.000003] pci 0000:00:02.0: BAR 4 [io  0x4000-0x403f]
[  +0.000017] pci 0000:00:02.0: Video device with shadowed ROM at [mem 0x000c0000-0x000dffff]
[  +0.000363] pci 0000:00:14.0: [8086:9d2f] type 00 class 0x0c0330 conventional PCI endpoint
[  +0.000050] pci 0000:00:14.0: BAR 0 [mem 0xb1100000-0xb110ffff 64bit]
[  +0.000046] pci 0000:00:14.0: PME# supported from D3hot D3cold
[  +0.001022] pci 0000:00:14.2: [8086:9d31] type 00 class 0x118000 conventional PCI endpoint
[  +0.000045] pci 0000:00:14.2: BAR 0 [mem 0xb112a000-0xb112afff 64bit]
[  +0.000130] pci 0000:00:15.0: [8086:9d60] type 00 class 0x118000 conventional PCI endpoint
[  +0.000060] pci 0000:00:15.0: BAR 0 [mem 0xb112b000-0xb112bfff 64bit]
[  +0.000560] pci 0000:00:16.0: [8086:9d3a] type 00 class 0x078000 conventional PCI endpoint
[  +0.000087] pci 0000:00:16.0: BAR 0 [mem 0xb112c000-0xb112cfff 64bit]
[  +0.000083] pci 0000:00:16.0: PME# supported from D3hot
[  +0.000417] pci 0000:00:17.0: [8086:9d03] type 00 class 0x010601 conventional PCI endpoint
[  +0.000044] pci 0000:00:17.0: BAR 0 [mem 0xb1128000-0xb1129fff]
[  +0.000005] pci 0000:00:17.0: BAR 1 [mem 0xb112f000-0xb112f0ff]
[  +0.000004] pci 0000:00:17.0: BAR 2 [io  0x4080-0x4087]
[  +0.000004] pci 0000:00:17.0: BAR 3 [io  0x4088-0x408b]
[  +0.000004] pci 0000:00:17.0: BAR 4 [io  0x4060-0x407f]
[  +0.000004] pci 0000:00:17.0: BAR 5 [mem 0xb112d000-0xb112d7ff]
[  +0.000045] pci 0000:00:17.0: PME# supported from D3hot
[  +0.000474] pci 0000:00:1c.0: [8086:9d14] type 01 class 0x060400 PCIe Root Port
[  +0.000025] pci 0000:00:1c.0: PCI bridge to [bus 01]
[  +0.000006] pci 0000:00:1c.0:   bridge window [io  0x3000-0x3fff]
[  +0.000004] pci 0000:00:1c.0:   bridge window [mem 0xb1000000-0xb10fffff]
[  +0.000071] pci 0000:00:1c.0: PME# supported from D0 D3hot D3cold
[  +0.000885] pci 0000:00:1f.0: [8086:9d48] type 00 class 0x060100 conventional PCI endpoint
[  +0.000484] pci 0000:00:1f.2: [8086:9d21] type 00 class 0x058000 conventional PCI endpoint
[  +0.000049] pci 0000:00:1f.2: BAR 0 [mem 0xb1124000-0xb1127fff]
[  +0.000397] pci 0000:00:1f.3: [8086:9d70] type 00 class 0x040300 conventional PCI endpoint
[  +0.000062] pci 0000:00:1f.3: BAR 0 [mem 0xb1120000-0xb1123fff 64bit]
[  +0.000009] pci 0000:00:1f.3: BAR 4 [mem 0xb1110000-0xb111ffff 64bit]
[  +0.000049] pci 0000:00:1f.3: PME# supported from D3hot D3cold
[  +0.000935] pci 0000:00:1f.4: [8086:9d23] type 00 class 0x0c0500 conventional PCI endpoint
[  +0.000131] pci 0000:00:1f.4: BAR 0 [mem 0xb112e000-0xb112e0ff 64bit]
[  +0.000012] pci 0000:00:1f.4: BAR 4 [io  0x4040-0x405f]
[  +0.000480] pci 0000:01:00.0: [10ec:8168] type 00 class 0x020000 PCIe Endpoint
[  +0.000062] pci 0000:01:00.0: BAR 0 [io  0x3000-0x30ff]
[  +0.000007] pci 0000:01:00.0: BAR 2 [mem 0xb1004000-0xb1004fff 64bit]
[  +0.000006] pci 0000:01:00.0: BAR 4 [mem 0xb1000000-0xb1003fff 64bit]
[  +0.000123] pci 0000:01:00.0: supports D1 D2
[  +0.000002] pci 0000:01:00.0: PME# supported from D0 D1 D2 D3hot D3cold
[  +0.000251] pci 0000:00:1c.0: PCI bridge to [bus 01]
[  +0.004298] ACPI: PCI: Interrupt link LNKA configured for IRQ 11
[  +0.000087] ACPI: PCI: Interrupt link LNKB configured for IRQ 10
[  +0.000085] ACPI: PCI: Interrupt link LNKC configured for IRQ 11
[  +0.000083] ACPI: PCI: Interrupt link LNKD configured for IRQ 11
[  +0.000084] ACPI: PCI: Interrupt link LNKE configured for IRQ 11
[  +0.000086] ACPI: PCI: Interrupt link LNKF configured for IRQ 11
[  +0.000083] ACPI: PCI: Interrupt link LNKG configured for IRQ 11
[  +0.000084] ACPI: PCI: Interrupt link LNKH configured for IRQ 11
[  +0.001402] ACPI: EC: interrupt unblocked
[  +0.000003] ACPI: EC: event unblocked
[  +0.000338] ACPI: EC: EC_CMD/EC_SC=0x66, EC_DATA=0x62
[  +0.000000] ACPI: EC: GPE=0x4f
[  +0.000000] ACPI: \_SB_.PCI0.LPCB.EC0_: Boot DSDT EC initialization complete
[  +0.000000] ACPI: \_SB_.PCI0.LPCB.EC0_: EC: Used to handle transactions and events
[  +0.000038] iommu: Default domain type: Translated
[  +0.000000] iommu: DMA domain TLB invalidation policy: lazy mode
[  +0.000071] SCSI subsystem initialized
[  +0.000000] libata version 3.00 loaded.
[  +0.000000] ACPI: bus type USB registered
[  +0.000000] usbcore: registered new interface driver usbfs
[  +0.000000] usbcore: registered new interface driver hub
[  +0.000000] usbcore: registered new device driver usb
[  +0.000006] EDAC MC: Ver: 3.0.0
[  +0.001241] efivars: Registered efivars operations
[  +0.000719] NetLabel: Initializing
[  +0.000003] NetLabel:  domain hash size = 128
[  +0.000002] NetLabel:  protocols = UNLABELED CIPSOv4 CALIPSO
[  +0.000024] NetLabel:  unlabeled traffic allowed by default
[  +0.000006] mctp: management component transport protocol core
[  +0.000002] NET: Registered PF_MCTP protocol family
[  +0.000012] PCI: Using ACPI for IRQ routing
[  +0.027344] PCI: pci_cache_line_size set to 64 bytes
[  +0.000051] e820: register RAM buffer resource [mem 0x00058000-0x0005ffff]
[  +0.000003] e820: register RAM buffer resource [mem 0x0009e000-0x0009ffff]
[  +0.000002] e820: register RAM buffer resource [mem 0x73868000-0x73ffffff]
[  +0.000002] e820: register RAM buffer resource [mem 0x75289000-0x77ffffff]
[  +0.000002] e820: register RAM buffer resource [mem 0x7c756000-0x7fffffff]
[  +0.000002] e820: register RAM buffer resource [mem 0x8bd9f000-0x8bffffff]
[  +0.000001] e820: register RAM buffer resource [mem 0x8cf00000-0x8fffffff]
[  +0.000002] e820: register RAM buffer resource [mem 0x26f000000-0x26fffffff]
[  +0.000494] pci 0000:00:02.0: vgaarb: setting as boot VGA device
[  +0.000000] pci 0000:00:02.0: vgaarb: bridge control possible
[  +0.000000] pci 0000:00:02.0: vgaarb: VGA device added: decodes=io+mem,owns=io+mem,locks=none
[  +0.000000] vgaarb: loaded
[  +0.000123] hpet0: at MMIO 0xfed00000, IRQs 2, 8, 0, 0, 0, 0, 0, 0
[  +0.000000] hpet0: 8 comparators, 64-bit 24.000000 MHz counter
[  +0.002948] clocksource: Switched to clocksource tsc-early
[  +0.000217] VFS: Disk quotas dquot_6.6.0
[  +0.000013] VFS: Dquot-cache hash table entries: 512 (order 0, 4096 bytes)
[  +0.000133] acpi PNP0C02:00: Reserved [mem 0xfd000000-0xfdabffff]
[  +0.000008] acpi PNP0C02:00: Reserved [mem 0xfdad0000-0xfdadffff]
[  +0.000005] acpi PNP0C02:00: Reserved [mem 0xfdb00000-0xfdffffff]
[  +0.000005] acpi PNP0C02:00: Reserved [mem 0xfe000000-0xfe01ffff]
[  +0.000003] acpi PNP0C02:00: Reserved [mem 0xfe036000-0xfe03bfff]
[  +0.000004] acpi PNP0C02:00: Reserved [mem 0xfe03d000-0xfe3fffff]
[  +0.000004] acpi PNP0C02:00: Reserved [mem 0xfe410000-0xfe7fffff]
[  +0.000543] acpi PNP0C02:01: Reserved [io  0x2000-0x20fe]
[  +0.000025] acpi PNP0C02:02: Skipped [io  0x002e-0x002f]
[  +0.000003] acpi PNP0C02:02: Skipped [io  0x004e-0x004f]
[  +0.000003] acpi PNP0C02:02: Skipped [io  0x0061]
[  +0.000002] acpi PNP0C02:02: Skipped [io  0x0063]
[  +0.000003] acpi PNP0C02:02: Skipped [io  0x0065]
[  +0.000002] acpi PNP0C02:02: Skipped [io  0x0067]
[  +0.000002] acpi PNP0C02:02: Skipped [io  0x0070]
[  +0.000002] acpi PNP0C02:02: Skipped [io  0x0080]
[  +0.000002] acpi PNP0C02:02: Skipped [io  0x0092]
[  +0.000003] acpi PNP0C02:02: Skipped [io  0x00b2-0x00b3]
[  +0.000002] acpi PNP0C02:02: Reserved [io  0x0680-0x069f]
[  +0.000004] acpi PNP0C02:02: Reserved [io  0xffff]
[  +0.000003] acpi PNP0C02:02: Reserved [io  0xffff]
[  +0.000003] acpi PNP0C02:02: Reserved [io  0xffff]
[  +0.000004] acpi PNP0C02:02: Could not reserve [io  0x1800-0x18fe]
[  +0.000003] acpi PNP0C02:02: Reserved [io  0x164e-0x164f]
[  +0.001458] acpi PNP0C02:04: Reserved [mem 0xfe029000-0xfe029fff]
[  +0.000004] acpi PNP0C02:04: Reserved [mem 0xfe028000-0xfe028fff]
[  +0.000217] acpi PNP0C02:05: Reserved [mem 0xfed10000-0xfed17fff]
[  +0.000003] acpi PNP0C02:05: Reserved [mem 0xfed18000-0xfed18fff]
[  +0.000003] acpi PNP0C02:05: Reserved [mem 0xfed19000-0xfed19fff]
[  +0.000002] acpi PNP0C02:05: Reserved [mem 0xe0000000-0xefffffff]
[  +0.000005] acpi PNP0C02:05: Reserved [mem 0xfed20000-0xfed3ffff]
[  +0.000003] acpi PNP0C02:05: Could not reserve [mem 0xfed90000-0xfed93fff]
[  +0.000002] acpi PNP0C02:05: Could not reserve [mem 0xfed45000-0xfed8ffff]
[  +0.000003] acpi PNP0C02:05: Reserved [mem 0xff000000-0xffffffff]
[  +0.000002] acpi PNP0C02:05: Could not reserve [mem 0xfee00000-0xfeefffff]
[  +0.000003] acpi PNP0C02:05: Reserved [mem 0x90000000-0x9001ffff]
[  +0.000053] pnp: PnP ACPI init
[  +0.001588] pnp: PnP ACPI: found 2 devices
[  +0.006187] clocksource: acpi_pm: mask: 0xffffff max_cycles: 0xffffff, max_idle_ns: 2085701024 ns
[  +0.000104] NET: Registered PF_INET protocol family
[  +0.000101] IP idents hash table entries: 131072 (order: 8, 1048576 bytes, linear)
[  +0.023892] tcp_listen_portaddr_hash hash table entries: 4096 (order: 4, 65536 bytes, linear)
[  +0.000030] Table-perturb hash table entries: 65536 (order: 6, 262144 bytes, linear)
[  +0.000044] TCP established hash table entries: 65536 (order: 7, 524288 bytes, linear)
[  +0.000339] TCP bind hash table entries: 65536 (order: 9, 2097152 bytes, linear)
[  +0.000326] TCP: Hash tables configured (established 65536 bind 65536)
[  +0.000091] MPTCP token hash table entries: 8192 (order: 6, 196608 bytes, linear)
[  +0.000064] UDP hash table entries: 4096 (order: 6, 262144 bytes, linear)
[  +0.000063] UDP-Lite hash table entries: 4096 (order: 6, 262144 bytes, linear)
[  +0.000096] NET: Registered PF_UNIX/PF_LOCAL protocol family
[  +0.000012] NET: Registered PF_XDP protocol family
[  +0.000017] pci 0000:00:1c.0: PCI bridge to [bus 01]
[  +0.000005] pci 0000:00:1c.0:   bridge window [io  0x3000-0x3fff]
[  +0.000006] pci 0000:00:1c.0:   bridge window [mem 0xb1000000-0xb10fffff]
[  +0.000009] pci_bus 0000:00: resource 4 [io  0x0000-0x0cf7 window]
[  +0.000003] pci_bus 0000:00: resource 5 [io  0x0d00-0xffff window]
[  +0.000002] pci_bus 0000:00: resource 6 [mem 0x000a0000-0x000dffff window]
[  +0.000002] pci_bus 0000:00: resource 7 [mem 0x90000000-0xdfffffff window]
[  +0.000003] pci_bus 0000:00: resource 8 [mem 0xfd000000-0xfe7fffff window]
[  +0.000002] pci_bus 0000:01: resource 0 [io  0x3000-0x3fff]
[  +0.000002] pci_bus 0000:01: resource 1 [mem 0xb1000000-0xb10fffff]
[  +0.001809] PCI: CLS 64 bytes, default 64
[  +0.000051] pci 0000:00:1f.1: [8086:9d20] type 00 class 0x058000 conventional PCI endpoint
[  +0.000137] pci 0000:00:1f.1: BAR 0 [mem 0xfd000000-0xfdffffff 64bit]
[  +0.000198] DMAR: ACPI device "device:6f" under DMAR at fed91000 as 00:15.0
[  +0.000016] PCI-DMA: Using software bounce buffering for IO (SWIOTLB)
[  +0.000002] software IO TLB: mapped [mem 0x0000000087867000-0x000000008b867000] (64MB)
[  +0.000052] Trying to unpack rootfs image as initramfs...
[  +0.010008] Initialise system trusted keyrings
[  +0.000014] Key type blacklist registered
[  +0.000098] workingset: timestamp_bits=36 max_order=21 bucket_order=0
[  +0.000547] fuse: init (API version 7.45)
[  +0.000166] integrity: Platform Keyring initialized
[  +0.000009] integrity: Machine keyring initialized
[  +0.025488] xor: automatically using best checksumming function   avx       
[  +0.000012] Key type asymmetric registered
[  +0.000003] Asymmetric key parser 'x509' registered
[  +0.000072] Block layer SCSI generic (bsg) driver version 0.4 loaded (major 245)
[  +0.000185] io scheduler mq-deadline registered
[  +0.000003] io scheduler kyber registered
[  +0.000031] io scheduler bfq registered
[  +0.002183] ledtrig-cpu: registered to indicate activity on CPUs
[  +0.000489] pcieport 0000:00:1c.0: PME: Signaling with IRQ 120
[  +0.000605] ACPI: AC: AC Adapter [ADP0] (on-line)
[  +0.000130] input: Lid Switch as /devices/platform/PNP0C0D:00/input/input0
[  +0.000034] ACPI: button: Lid Switch [LID0]
[  +0.000073] input: Power Button as /devices/platform/PNP0C0C:00/input/input1
[  +0.000033] ACPI: button: Power Button [PWRB]
[  +0.000639] Monitor-Mwait will be used to enter C-1 state
[  +0.000023] Monitor-Mwait will be used to enter C-2 state
[  +0.000009] Monitor-Mwait will be used to enter C-3 state
[  +0.001089] ACPI: battery: Slot [BAT0] (battery absent)
[  +0.000040] Serial: 8250/16550 driver, 32 ports, IRQ sharing enabled
[  +0.004048] Non-volatile memory driver v1.3
[  +0.000006] Linux agpgart interface v0.103
[  +0.000144] ACPI: bus type drm_connector registered
[  +0.001234] ahci 0000:00:17.0: AHCI vers 0001.0301, 32 command slots, 6 Gbps, SATA mode
[  +0.000010] ahci 0000:00:17.0: 2/2 ports implemented (port mask 0x3)
[  +0.000003] ahci 0000:00:17.0: flags: 64bit ncq pm led clo only pio slum part deso sadm sds apst 
[  +0.000555] scsi host0: ahci
[  +0.000186] scsi host1: ahci
[  +0.000080] ata1: SATA max UDMA/133 abar m2048@0xb112d000 port 0xb112d100 irq 121 lpm-pol 3
[  +0.000006] ata2: SATA max UDMA/133 abar m2048@0xb112d000 port 0xb112d180 irq 121 lpm-pol 3
[  +0.000497] xhci_hcd 0000:00:14.0: xHCI Host Controller
[  +0.000013] xhci_hcd 0000:00:14.0: new USB bus registered, assigned bus number 1
[  +0.001155] xhci_hcd 0000:00:14.0: hcc params 0x200077c1 hci version 0x100 quirks 0x0000000081109810
[  +0.000946] xhci_hcd 0000:00:14.0: xHCI Host Controller
[  +0.000016] xhci_hcd 0000:00:14.0: new USB bus registered, assigned bus number 2
[  +0.000008] xhci_hcd 0000:00:14.0: Host supports USB 3.0 SuperSpeed
[  +0.000097] usb usb1: New USB device found, idVendor=1d6b, idProduct=0002, bcdDevice= 7.00
[  +0.000005] usb usb1: New USB device strings: Mfr=3, Product=2, SerialNumber=1
[  +0.000003] usb usb1: Product: xHCI Host Controller
[  +0.000003] usb usb1: Manufacturer: Linux 7.0.3-arch1-1 xhci-hcd
[  +0.000003] usb usb1: SerialNumber: 0000:00:14.0
[  +0.000260] hub 1-0:1.0: USB hub found
[  +0.000023] hub 1-0:1.0: 12 ports detected
[  +0.000969] usb usb2: New USB device found, idVendor=1d6b, idProduct=0003, bcdDevice= 7.00
[  +0.000007] usb usb2: New USB device strings: Mfr=3, Product=2, SerialNumber=1
[  +0.000003] usb usb2: Product: xHCI Host Controller
[  +0.000002] usb usb2: Manufacturer: Linux 7.0.3-arch1-1 xhci-hcd
[  +0.000002] usb usb2: SerialNumber: 0000:00:14.0
[  +0.000155] hub 2-0:1.0: USB hub found
[  +0.000016] hub 2-0:1.0: 6 ports detected
[  +0.000570] usbcore: registered new interface driver usbserial_generic
[  +0.000012] usbserial: USB Serial support registered for generic
[  +0.000051] i8042: PNP: PS/2 Controller [PNP0303:PS2K] at 0x60,0x64 irq 1
[  +0.000003] i8042: PNP: PS/2 appears to have AUX port disabled, if this is incorrect please boot with i8042.nopnp
[  +0.003874] serio: i8042 KBD port at 0x60,0x64 irq 1
[  +0.000732] rtc_cmos 00:00: RTC can wake from S4
[  +0.000812] rtc_cmos 00:00: registered as rtc0
[  +0.000149] rtc_cmos 00:00: setting system clock to 2016-01-02T03:12:57 UTC (1451704377)
[  +0.000041] rtc_cmos 00:00: alarms up to one month, y3k, 242 bytes nvram
[  +0.001667] input: AT Translated Set 2 keyboard as /devices/platform/i8042/serio0/input/input2
[  +0.000097] intel_pstate: Intel P-state driver initializing
[  +0.000237] intel_pstate: HWP enabled
[  +0.000660] simple-framebuffer simple-framebuffer.0: [drm] Registered 1 planes with drm panic
[  +0.000054] [drm] Initialized simpledrm 1.0.0 for simple-framebuffer.0 on minor 0
[  +0.002504] Console: switching to colour frame buffer device 170x48
[  +0.001715] simple-framebuffer simple-framebuffer.0: [drm] fb0: simpledrmdrmfb frame buffer device
[  +0.000105] hid: raw HID events driver (C) Jiri Kosina
[  +0.000041] usbcore: registered new interface driver usbhid
[  +0.000002] usbhid: USB HID core driver
[  +0.000919] rust_binder: Loaded Rust Binder.
[  +0.000026] drop_monitor: Initializing network drop monitor service
[  +0.000235] NET: Registered PF_INET6 protocol family
[  +0.000507] Segment Routing with IPv6
[  +0.000005] RPL Segment Routing with IPv6
[  +0.000012] In-situ OAM (IOAM) with IPv6
[  +0.000043] NET: Registered PF_PACKET protocol family
[  +0.000371] microcode: Current revision: 0x000000f0
[  +0.000004] microcode: Updated early from: 0x000000c6
[  +0.000171] IPI shorthand broadcast: enabled
[  +0.002993] sched_clock: Marking stable (457002112, 3623356)->(466909705, -6284237)
[  +0.000251] registered taskstats version 1
[  +0.000349] Loading compiled-in X.509 certificates
[  +0.220207] usb 1-1: new high-speed USB device number 2 using xhci_hcd
[  +0.061089] ata1: SATA link down (SStatus 4 SControl 300)
[  +0.000689] ata2: SATA link down (SStatus 4 SControl 300)
[  +0.062732] usb 1-1: New USB device found, idVendor=05e3, idProduct=0608, bcdDevice=60.70
[  +0.000020] usb 1-1: New USB device strings: Mfr=0, Product=1, SerialNumber=0
[  +0.000002] usb 1-1: Product: USB2.0 Hub
[  +0.000970] hub 1-1:1.0: USB hub found
[  +0.000354] hub 1-1:1.0: 4 ports detected
[  +0.273140] usb 1-1.2: new high-speed USB device number 3 using xhci_hcd
[  +0.076634] usb 1-1.2: New USB device found, idVendor=0951, idProduct=1666, bcdDevice= 2.00
[  +0.000007] usb 1-1.2: New USB device strings: Mfr=2, Product=3, SerialNumber=4
[  +0.000002] usb 1-1.2: Product: DataTraveler 3.0
[  +0.000002] usb 1-1.2: Manufacturer: Kingston
[  +0.000002] usb 1-1.2: SerialNumber: E0D55E6B64701710394B0ACA
[  +0.260312] tsc: Refined TSC clocksource calibration: 2399.991 MHz
[  +0.000008] clocksource: tsc: mask: 0xffffffffffffffff max_cycles: 0x22982efeb2e, max_idle_ns: 440795282550 ns
[  +0.000057] clocksource: Switched to clocksource tsc
[  +0.485372] Freeing initrd memory: 235908K
[  +0.008369] Loaded X.509 cert 'Build time autogenerated kernel key: 56174b8d5d1ba1668d799841a2bc9137b16f3348'
[  +0.003376] zswap: loaded using pool zstd
[  +0.000111] Demotion targets for Node 0: null
[  +0.000261] Key type .fscrypt registered
[  +0.000002] Key type fscrypt-provisioning registered
[  +0.000349] Btrfs loaded, zoned=yes, fsverity=yes
[  +0.000044] Key type big_key registered
[  +0.001999] integrity: Loading X.509 certificate: UEFI:db
[  +0.000048] integrity: Loaded X.509 cert 'Microsoft Windows Production PCA 2011: a92902398e16c49778cd90f99e4f9ae17c55af53'
[  +0.000002] integrity: Loading X.509 certificate: UEFI:db
[  +0.000038] integrity: Loaded X.509 cert 'Microsoft Corporation UEFI CA 2011: 13adbf4309bd82709c8cd54f316ed522988a1bd4'
[  +0.000002] integrity: Loading X.509 certificate: UEFI:db
[  +0.000012] integrity: Loaded X.509 cert '4W320-14IKB: 8dcee6331cb26082429338acdf6278f7'
[  +0.000001] integrity: Loading X.509 certificate: UEFI:db
[  +0.000002] integrity: Problem loading X.509 certificate -65
[  +0.000047] integrity: Error adding keys to platform keyring UEFI:db
[  +0.002499] PM:   Magic number: 0:600:208
[  +0.000056] vc vcsa: hash matches
[  +0.000166] RAS: Correctable Errors collector initialized.
[  +0.000312] clk: Disabling unused clocks
[  +0.000002] PM: genpd: Disabling unused power domains
[  +0.001544] Freeing unused decrypted memory: 2028K
[  +0.000871] Freeing unused kernel image (initmem) memory: 4804K
[  +0.000137] Write protecting the kernel read-only data: 40960k
[  +0.000912] Freeing unused kernel image (text/rodata gap) memory: 1744K
[  +0.000564] Freeing unused kernel image (rodata/data gap) memory: 1588K
[  +0.055470] x86/mm: Checked W+X mappings: passed, no W+X pages found.
[  +0.000005] rodata_test: all tests were successful
[  +0.000002] x86/mm: Checking user space page tables
[  +0.051541] x86/mm: Checked W+X mappings: passed, no W+X pages found.
[  +0.000005] Run /vtoy/vtoy as init process
[  +0.000002]   with arguments:
[  +0.000001]     /vtoy/vtoy
[  +0.000002]   with environment:
[  +0.000001]     HOME=/
[  +0.000001]     TERM=linux
[  +0.000001]     archisobasedir=arch
[  +0.000002]     archisosearchuuid=2026-05-01-06-05-08-00
[  +0.721093] intel-lpss 0000:00:15.0: enabling device (0000 -> 0002)
[  +0.004045] idma64 idma64.0: Found Intel integrated DMA 64-bit
[  +0.027788] usb-storage 1-1.2:1.0: USB Mass Storage device detected
[  +0.005889] scsi host2: usb-storage 1-1.2:1.0
[  +0.000105] usbcore: registered new interface driver usb-storage
[  +0.017576] r8169 0000:01:00.0: can't disable ASPM; OS doesn't have ASPM control
[  +0.009467] usbcore: registered new interface driver uas
[  +0.000388] r8169 0000:01:00.0 eth0: RTL8168gu/8111gu, 54:e1:ad:86:ab:ce, XID 509, IRQ 127
[  +0.000006] r8169 0000:01:00.0 eth0: jumbo features [frames: 9194 bytes, tx checksumming: ko]
[  +0.769151] i915 0000:00:02.0: [drm] Found skylake/ult (device ID 1916) integrated display version 9.00 stepping H0
[  +0.017543] Console: switching to colour dummy device 80x25
[  +0.000238] i915 0000:00:02.0: vgaarb: deactivate vga console
[  +0.003271] i915 0000:00:02.0: vgaarb: VGA decodes changed: olddecodes=io+mem,decodes=io+mem:owns=io+mem
[  +0.000607] i915 0000:00:02.0: [drm] Finished loading DMC firmware i915/skl_dmc_ver1_27.bin (v1.27)
[  +0.043929] i915 0000:00:02.0: [drm] Registered 3 planes with drm panic
[  +0.006927] [drm] Initialized i915 1.6.0 for 0000:00:02.0 on minor 1
[  +0.006241] ACPI: video: Video Device [GFX0] (multi-head: yes  rom: no  post: no)
[  +0.000570] input: Video Bus as /devices/pci0000:00/acpi.video_bus.0/input/input3
[  +0.105363] fbcon: i915drmfb (fb0) is primary device
[  +0.013368] Console: switching to colour frame buffer device 170x48
[  +0.065359] scsi 2:0:0:0: Direct-Access     Kingston DataTraveler 3.0 0000 PQ: 0 ANSI: 4
[  +0.001663] sd 2:0:0:0: [sda] 121077761 512-byte logical blocks: (62.0 GB/57.7 GiB)
[  +0.000387] sd 2:0:0:0: [sda] Write Protect is off
[  +0.000007] sd 2:0:0:0: [sda] Mode Sense: 23 00 00 00
[  +0.000172] sd 2:0:0:0: [sda] Write cache: disabled, read cache: enabled, doesn't support DPO or FUA
[  +0.049597] i915 0000:00:02.0: [drm] fb0: i915drmfb frame buffer device
[  +0.000761]  sda: sda1 sda2
[  +0.000219] sd 2:0:0:0: [sda] Attached SCSI removable disk
[  +0.217740] Invalid ELF header magic: != \x7fELF
[  +0.000055] Invalid ELF header magic: != \x7fELF
[  +0.002617] Invalid ELF header magic: != \x7fELF
[  +0.000070] Invalid ELF header magic: != \x7fELF
[  +0.009321] Invalid ELF header magic: != \x7fELF
[  +0.000056] Invalid ELF header magic: != \x7fELF
[  +0.002498] Invalid ELF header magic: != \x7fELF
[  +0.000079] Invalid ELF header magic: != \x7fELF
[  +0.012150] Invalid ELF header magic: != \x7fELF
[  +0.014457] device-mapper: uevent: version 1.0.3
[  +0.000258] device-mapper: ioctl: 4.50.0-ioctl (2025-04-28) initialised: dm-devel@lists.linux.dev
[  +0.261995] ISO 9660 Extensions: Microsoft Joliet Level 3
[  +0.001059] ISO 9660 Extensions: RRIP_1991A
[May 1 06:05] loop: module loaded
[  +0.001582] loop0: detected capacity change from 0 to 1992864
[  +0.026203] squashfs: version 4.0 (2009/01/31) Phillip Lougher
[  +0.018926] overlayfs: "xino" feature enabled using 2 upper inode bits.
[  +0.822953] systemd[1]: System time advanced to timestamp on /usr/lib/clock-epoch: Fri 2026-05-01 06:05:08 UTC
[  +0.628610] systemd[1]: systemd 260.1-2-arch running in system mode (+PAM +AUDIT -SELINUX +APPARMOR -IMA +IPE +SMACK +SECCOMP +GCRYPT +GNUTLS +OPENSSL +ACL +BLKID +CURL +ELFUTILS +FIDO2 +IDN2 +KMOD +LIBCRYPTSETUP +LIBCRYPTSETUP_PLUGINS +LIBFDISK +PCRE2 +PWQUALITY +P11KIT +QRENCODE +TPM2 +BZIP2 +LZ4 +XZ +ZLIB +ZSTD +BPF_FRAMEWORK +BTF +XKBCOMMON +UTMP +LIBARCHIVE)
[  +0.000032] systemd[1]: Detected architecture x86-64.
[  +0.058330] systemd[1]: Detected first boot.
[  +0.030068] systemd[1]: Initializing machine ID from random generator.
[  +0.001679] systemd[1]: Hostname set to <archiso>.
[  +0.142389] systemd[1]: bpf-restrict-fs: LSM BPF program attached
[  +0.804070] systemd[1]: Applying preset policy.
[  +0.450400] systemd[1]: Created symlink '/etc/systemd/system/multi-user.target.wants/machines.target' → '/usr/lib/systemd/system/machines.target'.
[  +0.000008] systemd[1]: Created symlink '/etc/systemd/system/ctrl-alt-del.target' → '/usr/lib/systemd/system/reboot.target'.
[  +0.000003] systemd[1]: Created symlink '/etc/systemd/system/multi-user.target.wants/remote-cryptsetup.target' → '/usr/lib/systemd/system/remote-cryptsetup.target'.
[  +0.000004] systemd[1]: Created symlink '/etc/systemd/system/multi-user.target.wants/remote-integritysetup.target' → '/usr/lib/systemd/system/remote-integritysetup.target'.
[  +0.000003] systemd[1]: Created symlink '/etc/systemd/system/multi-user.target.wants/remote-veritysetup.target' → '/usr/lib/systemd/system/remote-veritysetup.target'.
[  +0.000003] systemd[1]: Created symlink '/etc/systemd/system/sysinit.target.wants/systemd-boot-clear-sysfail.service' → '/usr/lib/systemd/system/systemd-boot-clear-sysfail.service'.
[  +0.000004] systemd[1]: Created symlink '/etc/systemd/system/sysinit.target.wants/systemd-boot-update.service' → '/usr/lib/systemd/system/systemd-boot-update.service'.
[  +0.000003] systemd[1]: Created symlink '/etc/systemd/system/sysinit.target.wants/systemd-confext.service' → '/usr/lib/systemd/system/systemd-confext.service'.
[  +0.000003] systemd[1]: Created symlink '/etc/systemd/system/systemd-homed.service.wants/systemd-homed-activate.service' → '/usr/lib/systemd/system/systemd-homed-activate.service'.
[  +0.000004] systemd[1]: Created symlink '/etc/systemd/system/dbus-org.freedesktop.home1.service' → '/usr/lib/systemd/system/systemd-homed.service'.
[  +0.000003] systemd[1]: Created symlink '/etc/systemd/system/multi-user.target.wants/systemd-homed.service' → '/usr/lib/systemd/system/systemd-homed.service'.
[  +0.000003] systemd[1]: Created symlink '/etc/systemd/system/sockets.target.wants/systemd-journald-audit.socket' → '/usr/lib/systemd/system/systemd-journald-audit.socket'.
[  +0.000004] systemd[1]: Created symlink '/etc/systemd/system/systemd-journald.service.wants/systemd-journald-audit.socket' → '/usr/lib/systemd/system/systemd-journald-audit.socket'.
[  +0.000003] systemd[1]: Created symlink '/etc/systemd/system/sockets.target.wants/systemd-mountfsd.socket' → '/usr/lib/systemd/system/systemd-mountfsd.socket'.
[  +0.000003] systemd[1]: Created symlink '/etc/systemd/system/sysinit.target.wants/systemd-network-generator.service' → '/usr/lib/systemd/system/systemd-network-generator.service'.
[  +0.000004] systemd[1]: Created symlink '/etc/systemd/system/sockets.target.wants/systemd-networkd-varlink.socket' → '/usr/lib/systemd/system/systemd-networkd-varlink.socket'.
[  +0.000003] systemd[1]: Created symlink '/etc/systemd/system/sockets.target.wants/systemd-networkd-varlink-metrics.socket' → '/usr/lib/systemd/system/systemd-networkd-varlink-metrics.socket'.
[  +0.000003] systemd[1]: Created symlink '/etc/systemd/system/sockets.target.wants/systemd-networkd-resolve-hook.socket' → '/usr/lib/systemd/system/systemd-networkd-resolve-hook.socket'.
[  +0.000004] systemd[1]: Created symlink '/etc/systemd/system/sockets.target.wants/systemd-nsresourced.socket' → '/usr/lib/systemd/system/systemd-nsresourced.socket'.
[  +0.000003] systemd[1]: Created symlink '/etc/systemd/system/sysinit.target.wants/systemd-pstore.service' → '/usr/lib/systemd/system/systemd-pstore.service'.
[  +0.000003] systemd[1]: Created symlink '/etc/systemd/system/sysinit.target.wants/systemd-resolved.service' → '/usr/lib/systemd/system/systemd-resolved.service'.
[  +0.000004] systemd[1]: Created symlink '/etc/systemd/system/sockets.target.wants/systemd-resolved-varlink.socket' → '/usr/lib/systemd/system/systemd-resolved-varlink.socket'.
[  +0.000003] systemd[1]: Created symlink '/etc/systemd/system/sockets.target.wants/systemd-resolved-monitor.socket' → '/usr/lib/systemd/system/systemd-resolved-monitor.socket'.
[  +0.000004] systemd[1]: Created symlink '/etc/systemd/system/sysinit.target.wants/systemd-sysext.service' → '/usr/lib/systemd/system/systemd-sysext.service'.
[  +0.000003] systemd[1]: Created symlink '/etc/systemd/system/factory-reset.target.wants/systemd-tpm2-clear.service' → '/usr/lib/systemd/system/systemd-tpm2-clear.service'.
[  +0.000011] systemd[1]: Populated /etc with preset unit settings.
[  +0.176977] systemd[1]: Queued start job for default target Graphical Interface.
[  +0.021511] systemd[1]: Created slice Slice /system/dirmngr.
[  +0.000579] systemd[1]: Created slice Slice /system/getty.
[  +0.000453] systemd[1]: Created slice Slice /system/gpg-agent.
[  +0.000503] systemd[1]: Created slice Slice /system/gpg-agent-browser.
[  +0.000475] systemd[1]: Created slice Slice /system/gpg-agent-extra.
[  +0.000457] systemd[1]: Created slice Slice /system/gpg-agent-ssh.
[  +0.000441] systemd[1]: Created slice Slice /system/keyboxd.
[  +0.000502] systemd[1]: Created slice Slice /system/modprobe.
[  +0.000336] systemd[1]: Created slice User and Session Slice.
[  +0.000133] systemd[1]: Started Dispatch Password Requests to Console Directory Watch.
[  +0.000306] systemd[1]: Started Forward Password Requests to Wall Directory Watch.
[  +0.000435] systemd[1]: Set up automount Arbitrary Executable File Formats File System Automount Point.
[  +0.000256] systemd[1]: Reached target Image Downloads.
[  +0.000258] systemd[1]: Reached target Local Integrity Protected Volumes.
[  +0.000258] systemd[1]: Reached target Path Units.
[  +0.000231] systemd[1]: Reached target Remote Encrypted Volumes.
[  +0.000261] systemd[1]: Reached target Remote File Systems.
[  +0.000217] systemd[1]: Reached target Remote Integrity Protected Volumes.
[  +0.000229] systemd[1]: Reached target Remote Verity Protected Volumes.
[  +0.000228] systemd[1]: Reached target Slice Units.
[  +0.000228] systemd[1]: Reached target Swaps.
[  +0.000235] systemd[1]: Reached target Local Verity Protected Volumes.
[  +0.000364] systemd[1]: Listening on Device-mapper event daemon FIFOs.
[  +0.000330] systemd[1]: Listening on LVM2 poll daemon socket.
[  +0.024120] systemd[1]: Listening on Query the User Interactively for a Password.
[  +0.001837] systemd[1]: Listening on Process Core Dump Socket.
[  +0.001248] systemd[1]: Listening on Credential Encryption/Decryption.
[  +0.001521] systemd[1]: Listening on Factory Reset Management.
[  +0.059163] systemd[1]: Listening on Journal Audit Socket.
[  +0.000451] systemd[1]: Listening on Journal Socket (/dev/log).
[  +0.000415] systemd[1]: Listening on Journal Sockets.
[  +0.000384] systemd[1]: Listening on DDI File System Mounter Socket.
[  +0.001857] systemd[1]: Listening on Console Output Muting Service Socket.
[  +0.000540] systemd[1]: Listening on Network Management Resolve Hook Socket.
[  +0.000467] systemd[1]: Listening on Network Management Metrics Varlink Socket.
[  +0.000524] systemd[1]: Listening on Network Management Varlink Socket.
[  +0.000433] systemd[1]: Listening on Network Management Netlink Socket.
[  +0.000326] systemd[1]: Listening on Namespace Resource Manager Socket.
[  +0.000323] systemd[1]: TPM PCR Measurements skipped, unmet condition check ConditionSecurity=measured-uki
[  +0.000020] systemd[1]: Make TPM PCR Policy skipped, unmet condition check ConditionSecurity=measured-uki
[  +0.001000] systemd[1]: Listening on Disk Repartitioning Service Socket.
[  +0.000336] systemd[1]: Listening on Resolve Monitor Varlink Socket.
[  +0.000309] systemd[1]: Listening on Resolve Service Varlink Socket.
[  +0.000344] systemd[1]: Listening on udev Control Socket.
[  +0.000272] systemd[1]: Listening on udev Kernel Socket.
[  +0.000305] systemd[1]: Listening on udev Varlink Socket.
[  +0.000341] systemd[1]: Listening on User Database Manager Socket.
[  +0.029301] systemd[1]: Mounting Huge Pages File System...
[  +0.001439] systemd[1]: Mounting POSIX Message Queue File System...
[  +0.001990] systemd[1]: Mounting Kernel Debug File System...
[  +0.001728] systemd[1]: Mounting Kernel Trace File System...
[  +0.008840] systemd[1]: Mounting Temporary Directory /tmp...
[  +0.004268] systemd[1]: Starting Create List of Static Device Nodes...
[  +0.001847] systemd[1]: Starting Monitoring of LVM2 mirrors, snapshots etc. using dmeventd or progress polling...
[  +0.001551] systemd[1]: Load Kernel Module configfs skipped, unmet condition check ConditionKernelModuleLoaded=!configfs
[  +0.001536] systemd[1]: Mounting Kernel Configuration File System...
[  +0.001487] systemd[1]: Load Kernel Module drm skipped, unmet condition check ConditionKernelModuleLoaded=!drm
[  +0.000056] systemd[1]: Load Kernel Module efi_pstore skipped, unmet condition check ConditionKernelModuleLoaded=!efi_pstore
[  +0.000043] systemd[1]: Load Kernel Module fuse skipped, unmet condition check ConditionKernelModuleLoaded=!fuse
[  +0.004061] systemd[1]: Mounting FUSE Control File System...
[  +0.000544] systemd[1]: Clear SysFail Entry If The Boot Is Successful skipped, unmet condition check ConditionPathExists=/sys/firmware/efi/efivars/LoaderEntrySysFail-4a67b082-0a4c-41cf-b6c7-440b29bb8c4f
[  +0.000138] systemd[1]: Clear Stale Hibernate Storage Info skipped, unmet condition check ConditionPathExists=/sys/firmware/efi/efivars/HibernateLocation-8cf2644b-4b0b-428f-9387-6d876050dc67
[  +0.003356] systemd[1]: Starting Journal Service...
[  +0.056408] systemd[1]: Starting Load Kernel Modules...
[  +0.001505] systemd[1]: Starting Generate Network Units from Kernel Command Line...
[  +0.000483] systemd[1]: TPM PCR Machine ID Measurement skipped, unmet condition check ConditionSecurity=measured-uki
[  +0.002562] systemd[1]: Starting Remount Root and Kernel File Systems...
[  +0.003909] systemd[1]: Starting Wait Until Kernel Time Synchronized...
[  +0.000462] systemd[1]: Early TPM SRK Setup skipped, unmet condition check ConditionSecurity=measured-uki
[  +0.005542] systemd[1]: Starting Load udev Rules from Credentials...
[  +0.001906] systemd[1]: Starting Coldplug All udev Devices...
[  +0.094390] systemd[1]: Finished Create List of Static Device Nodes.
[  +0.002708] systemd[1]: Starting Create Static Device Nodes in /dev gracefully...
[  +0.142429] systemd[1]: Finished Generate Network Units from Kernel Command Line.
[  +0.001374] systemd[1]: Reached target Preparation for Network.
[  +0.072952] systemd[1]: Mounted Temporary Directory /tmp.
[  +0.000834] systemd[1]: Mounted Huge Pages File System.
[  +0.001507] systemd[1]: Mounted POSIX Message Queue File System.
[  +0.000450] systemd[1]: Mounted Kernel Debug File System.
[  +0.003240] systemd[1]: Mounted Kernel Trace File System.
[  +0.000484] systemd[1]: Mounted Kernel Configuration File System.
[  +0.000413] systemd[1]: Mounted FUSE Control File System.
[  +0.000617] systemd[1]: Finished Remount Root and Kernel File Systems.
[  +0.075579] systemd[1]: Rebuild Hardware Database skipped, no trigger condition checks were met.
[  +0.000074] systemd[1]: Platform Persistent Storage Archival skipped, unmet condition check ConditionDirectoryNotEmpty=/sys/fs/pstore
[  +0.001354] systemd[1]: Starting Load/Save OS Random Seed...
[  +0.001828] systemd[1]: TPM SRK Setup skipped, unmet condition check ConditionSecurity=measured-uki
[  +0.000040] systemd[1]: TPM PCR NvPCR Initialization Separator skipped, unmet condition check ConditionSecurity=measured-uki
[  +0.000027] systemd[1]: Reached target Local Encrypted Volumes.
[  +0.000322] systemd[1]: TPM NvPCR Product ID Measurement skipped, unmet condition check ConditionSecurity=measured-uki
[  +0.007250] systemd-journald[618]: Collecting audit messages is enabled.
[  +0.009184] systemd[1]: Finished Load udev Rules from Credentials.
[  +0.001883] audit: type=1130 audit(1777615510.985:2): pid=1 uid=0 auid=4294967295 ses=4294967295 msg='unit=systemd-udev-load-credentials comm="systemd" exe="/usr/lib/systemd/systemd" hostname=? addr=? terminal=? res=success'
[  +0.076104] systemd[1]: Started Journal Service.
[  +0.000575] audit: type=1130 audit(1777615511.063:3): pid=1 uid=0 auid=4294967295 ses=4294967295 msg='unit=systemd-journald comm="systemd" exe="/usr/lib/systemd/systemd" hostname=? addr=? terminal=? res=success'
[  +0.076776] audit: type=1130 audit(1777615511.140:4): pid=1 uid=0 auid=4294967295 ses=4294967295 msg='unit=systemd-random-seed comm="systemd" exe="/usr/lib/systemd/systemd" hostname=? addr=? terminal=? res=success'
[  +0.072053] systemd-journald[618]: Received client request to flush runtime journal.
[  +0.002250] audit: type=1130 audit(1777615511.214:5): pid=1 uid=0 auid=4294967295 ses=4294967295 msg='unit=systemd-journal-flush comm="systemd" exe="/usr/lib/systemd/systemd" hostname=? addr=? terminal=? res=success'
[  +0.000217] Asymmetric key parser 'pkcs8' registered
[  +0.001996] audit: type=1130 audit(1777615511.216:6): pid=1 uid=0 auid=4294967295 ses=4294967295 msg='unit=systemd-modules-load comm="systemd" exe="/usr/lib/systemd/systemd" hostname=? addr=? terminal=? res=success'
[  +0.038227] audit: type=1334 audit(1777615511.255:7): prog-id=24 op=LOAD
[  +0.000101] audit: type=1334 audit(1777615511.255:8): prog-id=25 op=LOAD
[  +0.000077] audit: type=1334 audit(1777615511.255:9): prog-id=26 op=LOAD
[  +0.090904] tun: Universal TUN/TAP device driver, 1.6
[  +0.002624] audit: type=1130 audit(1777615511.348:10): pid=1 uid=0 auid=4294967295 ses=4294967295 msg='unit=modprobe@tun comm="systemd" exe="/usr/lib/systemd/systemd" hostname=? addr=? terminal=? res=success'
[  +0.000232] audit: type=1131 audit(1777615511.349:11): pid=1 uid=0 auid=4294967295 ses=4294967295 msg='unit=modprobe@tun comm="systemd" exe="/usr/lib/systemd/systemd" hostname=? addr=? terminal=? res=success'
[  +1.937031] cfg80211: Loading compiled-in X.509 certificates for regulatory database
[  +0.039334] r8169 0000:01:00.0 enp1s0: renamed from eth0
[  +0.008819] Loaded X.509 cert 'sforshee: 00b28ddf47aef9cea7'
[  +0.000283] Loaded X.509 cert 'wens: 61c038651aabdcf94bd0ac7ff06c7248db18c600'
[  +0.064757] i801_smbus 0000:00:1f.4: SPD Write Disable is set
[  +0.000020] i801_smbus 0000:00:1f.4: SMBus using PCI interrupt
[  +0.094507] mei_me 0000:00:16.0: enabling device (0000 -> 0002)
[  +0.062602] input: PC Speaker as /devices/platform/pcspkr/input/input4
[  +0.311268] ACPI: battery: new hook: Ideapad Battery Extension
[  +0.000143] input: Ideapad extra buttons as /devices/pci0000:00/0000:00:1f.0/PNP0C09:00/VPC2004:00/input/input5
[  +0.000052] ideapad_acpi VPC2004:00: Keyboard backlight control not available
[  +0.017197] RAPL PMU: API unit is 2^-32 Joules, 5 fixed counters, 655360 ms ovfl timer
[  +0.000006] RAPL PMU: hw unit of domain pp0-core 2^-14 Joules
[  +0.000002] RAPL PMU: hw unit of domain package 2^-14 Joules
[  +0.000002] RAPL PMU: hw unit of domain dram 2^-14 Joules
[  +0.000001] RAPL PMU: hw unit of domain pp1-gpu 2^-14 Joules
[  +0.000002] RAPL PMU: hw unit of domain psys 2^-14 Joules
[  +0.001813] ideapad_acpi VPC2004:00: DYTC interface is not available
[  +0.002300] iTCO_wdt iTCO_wdt: Found a Intel PCH TCO device (Version=4, TCOBASE=0x0400)
[  +0.001723] iTCO_wdt iTCO_wdt: initialized. heartbeat=30 sec (nowayout=0)
[  +0.340055] intel_tcc_cooling: Programmable TCC Offset detected
[  +0.109057] Generic FE-GE Realtek PHY r8169-0-100:00: attached PHY driver (mii_bus:phy_addr=r8169-0-100:00, irq=MAC)
[  +0.061462] intel_pmc_core intel_pmc_core.0:  initialized
[  +0.029234] snd_hda_intel 0000:00:1f.3: bound 0000:00:02.0 (ops intel_audio_component_bind_ops [i915])
[  +0.012952] intel_rapl_common: Found RAPL domain package
[  +0.000006] intel_rapl_common: Found RAPL domain core
[  +0.000002] intel_rapl_common: Found RAPL domain uncore
[  +0.000001] intel_rapl_common: Found RAPL domain dram
[  +0.000002] intel_rapl_common: Found RAPL domain psys
[  +0.050065] r8169 0000:01:00.0 enp1s0: Link is Down
[  +0.091928] snd_hda_codec_alc269 hdaudioC0D0: ALC236: picked fixup  for PCI SSID 17aa:3843
[  +0.000395] snd_hda_codec_alc269 hdaudioC0D0: autoconfig for ALC236: line_outs=1 (0x14/0x0/0x0/0x0/0x0) type:speaker
[  +0.000007] snd_hda_codec_alc269 hdaudioC0D0:    speaker_outs=0 (0x0/0x0/0x0/0x0/0x0)
[  +0.000005] snd_hda_codec_alc269 hdaudioC0D0:    hp_outs=1 (0x21/0x0/0x0/0x0/0x0)
[  +0.000004] snd_hda_codec_alc269 hdaudioC0D0:    mono: mono_out=0x0
[  +0.000002] snd_hda_codec_alc269 hdaudioC0D0:    inputs:
[  +0.000004] snd_hda_codec_alc269 hdaudioC0D0:      Internal Mic=0x12
[  +0.000003] snd_hda_codec_alc269 hdaudioC0D0:      Mic=0x19
[  +0.179534] input: HDA Intel PCH Mic as /devices/pci0000:00/0000:00:1f.3/sound/card0/input6
[  +0.000074] input: HDA Intel PCH Headphone as /devices/pci0000:00/0000:00:1f.3/sound/card0/input7
[  +0.000072] input: HDA Intel PCH HDMI/DP,pcm=3 as /devices/pci0000:00/0000:00:1f.3/sound/card0/input8
[  +0.000068] input: HDA Intel PCH HDMI/DP,pcm=7 as /devices/pci0000:00/0000:00:1f.3/sound/card0/input9
[  +0.000129] input: HDA Intel PCH HDMI/DP,pcm=8 as /devices/pci0000:00/0000:00:1f.3/sound/card0/input10
[  +4.144295] kauditd_printk_skb: 123 callbacks suppressed
[  +0.000005] audit: type=1130 audit(1777615518.910:75): pid=1 uid=0 auid=4294967295 ses=4294967295 msg='unit=ldconfig comm="systemd" exe="/usr/lib/systemd/systemd" hostname=? addr=? terminal=? res=success'
[  +0.048126] audit: type=1130 audit(1777615518.958:76): pid=1 uid=0 auid=4294967295 ses=4294967295 msg='unit=systemd-update-done comm="systemd" exe="/usr/lib/systemd/systemd" hostname=? addr=? terminal=? res=success'
[  +0.036886] audit: type=1334 audit(1777615518.995:77): prog-id=54 op=LOAD
[  +0.076671] audit: type=1131 audit(1777615519.072:78): pid=1 uid=0 auid=4294967295 ses=4294967295 msg='unit=systemd-rfkill comm="systemd" exe="/usr/lib/systemd/systemd" hostname=? addr=? terminal=? res=success'
[  +0.056939] audit: type=1130 audit(1777615519.128:79): pid=1 uid=0 auid=4294967295 ses=4294967295 msg='unit=dbus-broker comm="systemd" exe="/usr/lib/systemd/systemd" hostname=? addr=? terminal=? res=success'
[  +0.004868] audit: type=1334 audit(1777615519.133:80): prog-id=55 op=LOAD
[  +0.002853] audit: type=1334 audit(1777615519.136:81): prog-id=56 op=LOAD
[  +0.015159] audit: type=1334 audit(1777615519.151:82): prog-id=57 op=LOAD
[  +0.017018] audit: type=1334 audit(1777615519.168:83): prog-id=58 op=LOAD
[  +0.000052] audit: type=1334 audit(1777615519.168:84): prog-id=59 op=LOAD
[  +0.201459] NET: Registered PF_ALG protocol family
[  +0.432515] NET: Registered PF_QIPCRTR protocol family
[  +5.427313] kauditd_printk_skb: 13 callbacks suppressed
[  +0.000004] audit: type=1101 audit(1777615525.230:98): pid=887 uid=0 auid=4294967295 ses=4294967295 msg='op=PAM:accounting grantors=pam_access,pam_unix,pam_permit,pam_time acct="root" exe="/usr/bin/login" hostname=archiso addr=? terminal=/dev/tty1 res=success'
[  +0.001208] audit: type=1103 audit(1777615525.231:99): pid=887 uid=0 auid=4294967295 ses=4294967295 msg='op=PAM:setcred grantors=pam_shells,pam_faillock,pam_permit,pam_env,pam_faillock acct="root" exe="/usr/bin/login" hostname=archiso addr=? terminal=/dev/tty1 res=success'
[  +0.000102] audit: type=1006 audit(1777615525.231:100): pid=887 uid=0 old-auid=4294967295 auid=0 tty=tty1 old-ses=4294967295 ses=1 res=1
[  +0.000006] audit: type=1300 audit(1777615525.231:100): arch=c000003e syscall=1 success=yes exit=1 a0=3 a1=7fffee9ffa80 a2=1 a3=0 items=0 ppid=1 pid=887 auid=0 uid=0 gid=0 euid=0 suid=0 fsuid=0 egid=0 sgid=0 fsgid=0 tty=tty1 ses=1 comm="login" exe="/usr/bin/login" key=(null)
[  +0.000003] audit: type=1327 audit(1777615525.231:100): proctitle=2F62696E2F6C6F67696E002D66002D2D
[  +0.109391] audit: type=1130 audit(1777615525.340:101): pid=1 uid=0 auid=4294967295 ses=4294967295 msg='unit=user-runtime-dir@0 comm="systemd" exe="/usr/lib/systemd/systemd" hostname=? addr=? terminal=? res=success'
[  +0.043274] audit: type=1101 audit(1777615525.384:102): pid=906 uid=0 auid=4294967295 ses=4294967295 msg='op=PAM:accounting grantors=pam_access,pam_unix,pam_permit,pam_time acct="root" exe="/usr/lib/systemd/systemd-executor" hostname=? addr=? terminal=? res=success'
[  +0.000095] audit: type=1103 audit(1777615525.384:103): pid=906 uid=0 auid=4294967295 ses=4294967295 msg='op=PAM:setcred grantors=? acct="root" exe="/usr/lib/systemd/systemd-executor" hostname=? addr=? terminal=? res=failed'
[  +0.000134] audit: type=1006 audit(1777615525.384:104): pid=906 uid=0 old-auid=4294967295 auid=0 tty=(none) old-ses=4294967295 ses=2 res=1
[  +0.000005] audit: type=1300 audit(1777615525.384:104): arch=c000003e syscall=1 success=yes exit=1 a0=8 a1=7ffde9d53b50 a2=1 a3=0 items=0 ppid=1 pid=906 auid=0 uid=0 gid=0 euid=0 suid=0 fsuid=0 egid=0 sgid=0 fsgid=0 tty=(none) ses=2 comm="(systemd)" exe="/usr/lib/systemd/systemd-executor" key=(null)
[May 1 06:06] r8169 0000:01:00.0: invalid VPD tag 0x00 (size 0) at offset 0; assume missing optional EEPROM
[May 1 06:07] usb 1-3: new high-speed USB device number 4 using xhci_hcd
[  +0.134274] usb 1-3: New USB device found, idVendor=058f, idProduct=6387, bcdDevice= 1.00
[  +0.000026] usb 1-3: New USB device strings: Mfr=1, Product=2, SerialNumber=3
[  +0.000011] usb 1-3: Product: Mass Storage
[  +0.000009] usb 1-3: Manufacturer: Generic
[  +0.000007] usb 1-3: SerialNumber: 7E13AF6E
[  +0.001717] usb-storage 1-3:1.0: USB Mass Storage device detected
[  +0.000772] scsi host3: usb-storage 1-3:1.0
[  +1.008720] scsi 3:0:0:0: Direct-Access     Generic  Flash Disk       8.07 PQ: 0 ANSI: 4
[  +0.003211] sd 3:0:0:0: [sdb] 15435776 512-byte logical blocks: (7.90 GB/7.36 GiB)
[  +0.000727] sd 3:0:0:0: [sdb] Write Protect is off
[  +0.000014] sd 3:0:0:0: [sdb] Mode Sense: 23 00 00 00
[  +0.003021] sd 3:0:0:0: [sdb] Write cache: disabled, read cache: enabled, doesn't support DPO or FUA
[  +0.020601]  sdb: sdb1
[  +0.000182] sd 3:0:0:0: [sdb] Attached SCSI removable disk
[ +16.263777] FAT-fs (sdb1): Volume was not properly unmounted. Some data may be corrupt. Please run fsck.
[May 1 06:19] kauditd_printk_skb: 95 callbacks suppressed
[  +0.000003] audit: type=1130 audit(1777616372.731:139): pid=1 uid=0 auid=4294967295 ses=4294967295 msg='unit=systemd-tmpfiles-clean comm="systemd" exe="/usr/lib/systemd/systemd" hostname=? addr=? terminal=? res=success'
[  +0.000040] audit: type=1131 audit(1777616372.731:140): pid=1 uid=0 auid=4294967295 ses=4294967295 msg='unit=systemd-tmpfiles-clean comm="systemd" exe="/usr/lib/systemd/systemd" hostname=? addr=? terminal=? res=success'
